[  0.0000 Linx erio4.150-52-generic(bilddgw1-am4-05) cc verio7.3. (untu7..0-1ubntu3) 56-Uun  SM Te Ju 422:9: UTC201(Ubunt 45.0-2.6-genic4.5.)
[   0.00000] Cmand line: BOOT_IMAGE=/bot/mlnu4.150--genicrootUUI=d7a11-3267-1b-8e32-328bd948 ro consle=ttycosole=tty0
[  0.0000] ERNEL ppord pus:
    .00000  Inl enineIntel
[    000000]  AM AhenticMD
[  0000000  Centaur CentaurHauls
[    0.000000] x86/fpu: Supporting XSAVE feate x001: x8 fltig poinregier'
[   .00000 x6/fp: uppoin XSAVEfeatur0x02: 'S regisrs
[   .000000]x8/fpuSupporngXSAVfeturex04: 'X egiser'
[  00000] x8fp: tateffse2]  57, stat_ses[2]:  256
[    0.000000] 86fpu:Enbledxsate atre 0, cotet size is 32byes, using 'standard' format.
[    0.000000] e820: OS-povded pysical RAM map:
[    0.000000] BIOS-e820: [mem 0x000000000000-0x0000000009bf] usae
[  0.00000 BIOS82: [emx00000000009fc00-0x000000009ff reserd
[  0.00000 BIOS-e82: [mem x00000000f00-0x0000000fffff]esered
[  0000000] BIO-e820:me 0x000000010000-0x000000003ffeffff] ussable
[    0.000000] BIOS-e820: [mem 0x000000003fff0000-0x000000003fffffff] ACPI data
[    0.00000] BIOS-e820: em 0000000fe0000x000000ec00fff] reserved
[    0.00000] BIOS-e820: [mem 0x00000000fee00000-0x00000000fee00ff] esrved
[    0.000000] BIOS-e820: [mem 0x0000000ffc000x00000ffffff] reserd
[  0.0000] NXExece Dible) roecio: tive
[   0.000000] SMBOS 2.5 present.
[    0.000000] DMI: innotek GmbH VirtualBox/VirtualBox, BIOS VirtualBox 12/01/2006
[    0.000000] Hypervisor detected: KVM
[   00000 e820: las_pn = 0fff0ma_arch_pf= 0x40000000
[   0.000] MR:Disale
[  000000] 86/PA: TRRs disabled, skipping PAT initalzatiotoo.
[   000000] CPU MTRRs all blank - virtualized syst.
[  0.000000]x8/PAT: onigurtin [0-7]: WB  WT  UC- UC  W  T  U- C  
[    0.000000] found SMP MP-tablet [mem 0x0009f0-0x09fff mappedat[     ptrval
[  0.0000] Saning 1 areas or lw emory orupon
[  0.0000] RDIK: [em0x3530000x6c0ff]
[   .00000 API Eary ablechcksuveriicatio disbld
[    0.000000] ACPI: RSDP 000000000000000024(v2 OX )
[    000000]CPI:SD 0x0000003F003 00003(v01 VBOX   VBOXXSDT 000000 ASL 000006)
[    0.000000] CP: FACP 00000003FF0F 0000F4 (v04 VBOX   VBOXFACP 00000001 AS  0000061
   0.0000 API: DSDT0x000000003FFF0470 0021FF (v0 VBO  BOBIS 00002 INL 01052)[   0000000 API: AC 000000003FF200 0040
   0.000] AC: ACS 0x000003FFF0200 0004
[  00000] CPI AC 0x00000003FFF00 005C(v0VBX   VBOXIC 0000000 AL  00000061)[    00000] CPI: SSDT0x000003FFF00 0001C (v01 VOX  BOPUT 000002 INTL 20100528)
[    0.00000] o NA onfiguraon found
[    0.000000] Faking a node at [mem 0x0000000000000000-0x000000003ffeffff]
[   .0000] NO_DATA() alloted me 0x3fc500-0xfeffff]
[    0.000000]kvmclck cpu 0, msr 0:3ff44001, primrycpu coc
[   .00000] kvm-cloc: Usi mrs4b4d01nd4b56d0
[   .0000] km-clck unng scedoffst f 6666054 cycles
[   .0000] cocsoure:kvmlok: mk:0xfffffffffffff max_ycles: 0x1cd42e4dffb, max_idle_ns: 881590591483ns
[    0.000000] Zone ranges:
[    0.00000  DMA      [mm 0x000000000001000-0x0000000000ffffff]
[    00000]   MA2   [em 0000000000000-0x000000003ffeffff]
[    0.0000]  Normal empt
[   0.000000]   Device   empty
[     .00000 Mvableone art fr eah no
   0.000000] Early memory node ranges
[    00000]  noe 0: [me0x00000000010-0x00000000fff]
[    0.000000]   node  : [m 0000000000000-0000000fffff]
[    0.000000] Reserved but unavailbl: 11paes
   0.0000]nitmm etu nde 0 [mm 0000000001000-x000003fefff
[  0.0000] CPI: PM-Timer IOPot: 0x08
[    0.00000 IOAPIC[0]: apic_id 2, version 32, address 0xfec00000, GSI 0-23
[    0.000000] ACPI: INT_SRC_OVR (bus 0 bus_irq 0 global_irq 2 dfl dfl)
[    0.000000] ACPI: INT_SRC_OVR (bus 0 bus_irq 9 lobairq  lw lel)
   0.00000]Using ACPI (MADT) for SMP confiurtion infomaion[    .0000]smpbot:Alwing 2CPs, 0 hotplug CPUs
[    0.000000] PM: Registerd nosae emory[mem0x0000000-0x00000fff]
[    0.000000] PM: egsterd osae emor [me 0009f000-0009ff]
   000000]M: Regterednoave mery: [m 0x00a000x000ffff
[    0.00000]PM: Registered nosave memory: [mem 0x000f0000-0x000fffff][   .000000] e820: [mem 0x40000000-0xfebfffff] availle for PI dvices
[    0.000000] Booting paavirtualized kerneln KVM
[    0.000000] clocksource: refined-jiffies: mask: 0xffffffff max_cycles: 0xffffffff, max_idle_ns: 7645519600211568 ns
[    0.000000] ranom: etrandom_bytes called from start_kerel0x990xfd wi crng_iit=0
[    0.000000] setup_percpu: NR_CPUS:8192 nr_cpumask_bits:2 nr_cpu_ids:2 nr_node_ids:1
[    0.000000] pcpu: Embedded 46 pages/cpu @        (ptrval) s151552 r8192 d28672 u1048576
[    0.000000] PV qspinlock hash table entries: 256 (order: 0, 4096 byts)
[   0.000000] Built 1 zonelits mobiity grouping on.  Total pages: 257913
[   .000000] Policy zone: DMA32
[    0.000000] Kernel command line: BOOT_IMAGE=/boot/vmlinuz-4.15.0-52-generic root=UUID=d97a116e-3267-461b-8e32-40328bbd9448 ro console=tty1 console=ttyS0
[    0.000000] Memory: 983072K/1048120K available (12300K kernel code, 2473K rwdata, 4272K rodata, 2408K init, 2416K bss, 65048K reserved, 0K cma-reserved)
[    0.000000] SLUB: HWalign=64, Order=0-3, MinObjets0, CPU2, Noes
[  0.00000] Kne/Us pge tbls isolion:nabled
   00000] trac allatin 3216 nties  154paes
[   .00400 HiearhialCU ilemetation
    0.4000	RU rerictngPUs ro NR_CP=8192 tonrcpu_s=2.
[    0.04000	Tass CU ebld.
[  .00400 RCU: Austinggemetry for rc_fanut_lea=1, nrcp_is=
[   00400] _IRQS52454,nr_rq: 44 prelocated rq: 16
[  0.0000 Csoe: clor VGA+ x25    0.040] coole tt1]enbled
[   0.0040] consoe ttyS] nabled
   00000] CP: Cor rvisi 201831
[   .0040] ACP:  ACPI AM tblessucessfll acqird anloaded
[    0.004000] APIC: Switch to symmetric I/O mode setup
[    0.004369] x2apic enabled
[    0.008008] Switched APIC routing to physical x2apic.
[    0.012878] ..TIMER: vector=0x30 apic1=0 pin1=2 apic2=-1 pin2=-1
[    0.016007] tsc: Detected 2304.000 MHz processor
[    0.020013] Calibrating delay loop (skipped) preset value.. 4608.00 BogoMIPS (lpj=9216000)
[    0.024009] pid_max: default: 32768 minimum: 301
[    0.028052] Security Framework initialized
[    0.032007] Yama: becoming mindful.
[    0.036041] AppArmor: AppArmor initialized
[    0.041591] Dentry cache hash table entries: 131072 (order: 8, 1048576 bytes)
[    0.044084] Inode-cache hash table entries: 65536 (order: 7, 524288 bytes)
[    0.048031] Mount-cache hash table entries: 2048 (order: 2, 16384 bytes)
[    0.052016] Mountpoint-cache hash table entries: 2048 (order: 2, 16384 bytes)
[    0.056228] mce: CPU supports 0 MCE banks
[    0.060054] Last level iTLB entries: 4KB 64, 2MB 8, 4MB 8
[    0.064008] Last level dTLB entries: 4KB 64, 2MB 0, 4MB 0, 1GB 4
[    0.068006] Spectre V2 : Mitigation: Full generic retpoline
[    0.072005] Spectre V2 : Spectre v2 / SpectreRSB mitigation: Filling RSB on context switch
[    0.076006] Speculative Store Bypass: Vulnerable
[    0.080048] MDS: Vulnerable: Clear CPU buffers attempted, no microcode
[    0.084092] Freeing SMP alternatives memory: 36K
[    0.092000] smpboot: CPU0: Intel(R) Core(TM) i5-7360U CPU @ 2.30GHz (family: 0x6, model: 0x8e, stepping: 0x9)
[    0.092249] Performance Events: unsupported p6 CPU model 142 no PMU driver, software events only.
[    0.096065] Hierarchical SRCU implementation.
[    0.100564] NMI watchdog: Perf event create on CPU 0 failed with -2
[    0.104005] NMI watchdog: Perf NMI watchdog permanently disabled
[    0.108072] smp: Bringing up secondary CPUs ...
[    0.112130] x86: Booting SMP configuration:
[    0.116019] .... node  #0, CPUs:      #1
[    0.004000] kvm-clock: cpu 1, msr 0:3ff44041, secondary cpu clock
[    0.004000] mce: CPU supports 0 MCE banks
[    0.238465] smp: Brought up 1 node, 2 CPUs
[    0.240010] smpboot: Max logical packages: 1
[    0.244008] smpboot: Total of 2 processors activated (9216.00 BogoMIPS)
[    0.248159] devtmpfs: initialized
[    0.252065] x86/mm: Memory block size: 128MB
[    0.256137] evm: security.selinux
[    0.260008] evm: security.SMACK64
[    0.264005] evm: security.SMACK64EXEC
[    0.268007] evm: security.SMACK64TRANSMUTE
[    0.272006] evm: security.SMACK64MMAP
[    0.276009] evm: security.apparmor
[    0.280006] evm: security.ima
[    0.284006] evm: security.capability
[    0.288090] clocksource: jiffies: mask: 0xffffffff max_cycles: 0xffffffff, max_idle_ns: 7645041785100000 ns
[    0.292017] futex hash table entries: 512 (order: 3, 32768 bytes)
[    0.296084] pinctrl core: initialized pinctrl subsystem
[    0.301482] RTC time:  7:27:08, date: 06/24/19
[    0.304222] NET: Registered protocol family 16
[    0.308084] audit: initializing netlink subsys (disabled)
[    0.312061] audit: type=2000 audit(1561361205.605:1): state=initialized audit_enabled=0 res=1
[    0.416010] cpuidle: using governor ladder
[    0.420024] cpuidle: using governor menu
[    0.424082] ACPI: bus type PCI registered
[    0.428008] acpiphp: ACPI Hot Plug PCI Controller Driver version: 0.5
[    0.432120] PCI: Using configuration type 1 for base access
[    0.437484] HugeTLB registered 2.00 MiB page size, pre-allocated 0 pages
[    0.440228] ACPI: Added _OSI(Module Device)
[    0.444011] ACPI: Added _OSI(Processor Device)
[    0.448007] ACPI: Added _OSI(3.0 _SCP Extensions)
[    0.452006] ACPI: Added _OSI(Processor Aggregator Device)
[    0.456008] ACPI: Added _OSI(Linux-Dell-Video)
[    0.460010] ACPI: Added _OSI(Linux-Lenovo-NV-HDMI-Audio)
[    0.464007] ACPI: Added _OSI(Linux-HPI-Hybrid-Graphics)
[    0.468342] ACPI: Executed 1 blocks of module-level executable AML code
[    0.477868] ACPI: Interpreter enabled
[    0.480026] ACPI: (supports S0 S5)
[    0.484006] ACPI: Using IOAPIC for interrupt routing
[    0.488341] PCI: Using host bridge windows from ACPI; if necessary, use "pci=nocrs" and report a bug
[    0.492197] ACPI: Enabled 2 GPEs in block 00 to 07
[    0.505140] ACPI: PCI Root Bridge [PCI0] (domain 0000 [bus 00-ff])
[    0.508017] acpi PNP0A03:00: _OSC: OS supports [ASPM ClockPM Segments MSI]
[    0.512047] acpi PNP0A03:00: _OSC: not requesting OS control; OS requires [ExtendedConfig ASPM ClockPM MSI]
[    0.516028] acpi PNP0A03:00: fail to add MMCONFIG information, can't access extended PCI configuration space under this bridge.
[    0.520412] PCI host bridge to bus 0000:00
[    0.524064] pci_bus 0000:00: root bus resource [io  0x0000-0x0cf7 window]
[    0.528010] pci_bus 0000:00: root bus resource [io  0x0d00-0xffff window]
[    0.532053] pci_bus 0000:00: root bus resource [mem 0x000a0000-0x000bffff window]
[    0.536012] pci_bus 0000:00: root bus resource [mem 0x40000000-0xfdffffff window]
[    0.540077] pci_bus 0000:00: root bus resource [bus 00-ff]
[    0.549964] pci 0000:00:01.1: legacy IDE quirk: reg 0x10: [io  0x01f0-0x01f7]
[    0.552009] pci 0000:00:01.1: legacy IDE quirk: reg 0x14: [io  0x03f6]
[    0.556009] pci 0000:00:01.1: legacy IDE quirk: reg 0x18: [io  0x0170-0x0177]
[    0.560009] pci 0000:00:01.1: legacy IDE quirk: reg 0x1c: [io  0x0376]
[    0.580039] pci 0000:00:07.0: quirk: [io  0x4000-0x403f] claimed by PIIX4 ACPI
[    0.584027] pci 0000:00:07.0: quirk: [io  0x4100-0x410f] claimed by PIIX4 SMB
[    0.599203] ACPI: PCI Interrupt Link [LNKA] (IRQs 5 9 10 *11)
[    0.600378] ACPI: PCI Interrupt Link [LNKB] (IRQs 5 9 *10 11)
[    0.604153] ACPI: PCI Interrupt Link [LNKC] (IRQs 5 *9 10 11)
[    0.608163] ACPI: PCI Interrupt Link [LNKD] (IRQs 5 9 10 *11)
[    0.612412] SCSI subsystem initialized
[    0.616084] pci 0000:00:02.0: vgaarb: setting as boot VGA device
[    0.620000] pci 0000:00:02.0: vgaarb: VGA device added: decodes=io+mem,owns=io+mem,locks=none
[    0.620026] pci 0000:00:02.0: vgaarb: bridge control possible
[    0.624007] vgaarb: loaded
[    0.632046] ACPI: bus type USB registered
[    0.633314] usbcore: registered new interface driver usbfs
[    0.634658] usbcore: registered new interface driver hub
[    0.636064] usbcore: registered new device driver usb
[    0.640099] EDAC MC: Ver: 3.0.0
[    0.644308] PCI: Using ACPI for IRQ routing
[    0.652295] NetLabel: Initializing
[    0.656005] NetLabel:  domain hash size = 128
[    0.660005] NetLabel:  protocols = UNLABELED CIPSOv4 CALIPSO
[    0.664031] NetLabel:  unlabeled traffic allowed by default
[    0.668142] clocksource: Switched to clocksource kvm-clock
[    077472 V: skuoasdquot6.6.0
[    1.096626] VFS: Dquot-cache hash table entries: 512 (order 0, 4096 bytes)
[  1152]ppmo ApArmor Filesyemnaed[   1.31] p:nPCPin
[  2.111]pn P AI:ou 3evce
[  2823]loksurce ai_p msk0xffffaxycs:xfff m_ie_: 8510 n
[   .60419] NET: Regiteedprtol amy 

[    3.958513] T eabsh hh ble ntes812 rd:  653bys)
[    4.673990] TCP bind hash tabe entri: 92orr:, 10 bes
[  501019] TCP: Hash tables configured (established 8192 bind 8192)
[    5.21452 U hh blenie: 2 rd: 2, 16384 bytes)
[    5.650583] UDP-Lite hash table entries: 512 (oer: 2, 1384bys)[  5754]ETRestedrocofaly
   6009]ci000::0.0: Limiting direct PCIPCtrsfs  6.84] i 00001. AivinISDMhag rkous
[   7.082]ci00:0:00:id dicwi shaow R a[m 000000x0dff

[    8.677] paingniras...
[    9.339810] Freeing initrd memory: 19512K
[    9.373017] clocksource: tsc: mask: 0xffffffffffffffff max_cycles: 0x2135f7c97c8, max_idle_ns: 440795273205 ns
[    9.469417] platform rtc_cmos: registered platform RTC device (no PNP device found)
[    9.510670] Scanning for low memory corruption every 60 seconds
[    9.512728] Initialise system trusted keyrings
[    9.550792] Key type blacklist registered
[    9.596984] workingset: timestamp_bits=36 max_order=18 bucket_order=0
[    9.677606] zbud: loaded
[    9.687609] squashfs: version 4.0 (2009/01/31) Phillip Lougher
[    9.703499] fuse init (API version 7.26)
[    9.747400] Key type asymmetric registered
[    9.791708] Asymmetric key parser 'x509' registered
[    9.794200] Block layer SCSI generic (bsg) driver version 0.4 loaded (major 246)
[    9.796206] io scheduler noop registered
[    9.865955] io scheduler deadline registered
[    9.936526] io scheduler cfq registered (default)
[   10.033545] ACPI: AC Adapter [AC] (on-line)
[   10.112648] input: Power Button as /devices/LNXSYSTM:00/LNXPWRBN:00/input/input0
[   10.182660] ACPI: Power Button [PWRF]
[   10.197367] input: Sleep Button as /devices/LNXSYSTM:00/LNXSLPBN:00/input/input1
[   10.246574] ACPI: Sleep Button [SLPF]
[   10.277574] Serial: 8250/16550 driver, 32 ports, IRQ sharing enabled
[   10.278569] ACPI: Battery Slot [BAT0] (battery present)
[   10.384493] 00:02: ttyS0 at I/O 0x3f8 (irq = 4, base_baud = 115200) is a 16550A
[   10.522504] Linux agpgart interface v0.103
[   10.610278] loop: module loaded
[   10.695414] scsi host0: ata_piix
[   10.760311] scsi host1: ata_piix
[   10.869938] ata1: PATA max UDMA/33 cmd 0x1f0 ctl 0x3f6 bmdma 0xd000 irq 14
[   11.040741] ata2: PATA max UDMA/33 cmd 0x170 ctl 0x376 bmdma 0xd008 irq 15
[   11.201572] libphy: Fixed MDIO Bus: probed
[   11.261994] tun: Universal TUN/TAP device driver, 1.6
[   11.305480] PPP generic driver version 2.4.2
[   11.336350] ehci_hcd: USB 2.0 'Enhanced' Host Controller (EHCI) Driver
[   11.371882] ehci-pci: EHCI PCI platform driver
[   11.420359] ehci-platform: EHCI generic platform driver
[   11.421694] ohci_hcd: USB 1.1 'Open' Host Controller (OHCI) Driver
[   11.547048] ohci-pci: OHCI PCI platform driver
[   11.570441] ohci-platform: OHCI generic platform driver
[   11.616322] uhci_hcd: USB Universal Host Controller Interface driver
[   11.672136] i8042: PNP: PS/2 Controller [PNP0303:PS2K,PNP0f03:PS2M] at 0x60,0x64 irq 1,12
[   11.810178] serio: i8042 KBD port at 0x60,0x64 irq 1
[   11.882662] serio: i8042 AUX port at 0x60,0x64 irq 12
[   11.901063] mousedev: PS/2 mouse device common for all mice
[   12.029969] input: AT Translated Set 2 keyboard as /devices/platform/i8042/serio0/input/input2
[   12.250992] rtc_cmos rtc_cmos: rtc core: registered rtc_cmos as rtc0
[   12.6985rt_cs tcmo: alms p  o d, 4 tenvm
[   .172 i /v trs iver
[  1.549 dvicemapr:evt:eron.0
[   14.049728] device-mapper: ioctl: 4.37.0-ioctl (2017-09-20) initialised: dm-devel@redhat.com
[   14.144448] ledtrig-cpu: registered to indicate activity on CPUs
[   14.323472] NET: Registered protocol family 10
[   14.398504] Segment Routing with IPv6
[   14.483987] NET: Registered protocol family 17
[   14.495075] Key type dns_resolver registered
[   14.518151] RAS: Correctable Errors collector initialized.
[   14.564938] sched_clock: Marking stable (14564903905, 0)->(50186960638, -35622056733)
[   14.613266] registered taskstats version 1
[   14.617447] Loading compiled-in X.509 certificates
[   14.631813] Loaded X.509 cert 'Build time autogenerated kernel key: 090ea8f218b1de455a55c926855dfde92833e981'
[   14.660246] zswap: loaded using pool lzo/zbud
[   14.675106] Key type big_key registered
[   14.698971] Key type trusted registered
[   14.734899] Key type encrypted registered
[   14.776688] AppArmor: AppArmor sha1 policy hashing enabled
[   14.881447] ima: No TPM chip found, activating TPM-bypass! (rc=-19)
[   14.989668] ima: Allocated hash algorithm: sha1
[   15.055603] evm: HMAC attrs: 0x1
[   15.092602]   Magic number: 7:470:471
[   15.153308] rtc_cmos rtc_cmos: setting system clock to 2019-06-24 07:27:26 UTC (1561361246)
[   15.297942] BIOS EDD facility v0.16 2004-Jun-25, 0 devices found
[   15.396734] EDD information not available.
[   15.446625] Freeing unused kernel image memory: 2408K
[   15.552302] Write protecting the kernel read-only data: 20480k
[   16.709684] Freeing unused kernel image memory: 2008K
[   17.753833] Freeing unused kernel image memory: 1872K
[   18.948840] x86/mm: Checked W+X mappings: passed, no W+X pages found.
[   20.368974] x86/mm: Checking user space page tables
[   21.230950] x86/mm: Checked W+X mappings: passed, no W+X pages found.
Loading, please wait...
starting version 237
[   21.359859] e1000: Intel(R) PRO/1000 Network Driver - version 7.3.21-k8-NAPI
[   21.367123] e1000: Copyright (c) 1999-2006 Intel Corporation.
[   21.371379] Fusion MPT base driver 3.04.20
[   21.399190] Copyright (c) 1999-2008 LSI Corporation
[   21.419616] Fusion MPT SPI Host driver 3.04.20
[   21.443326] AVX2 version of gcm_enc/dec engaged.
[   21.449853] AES CTR mode by8 optimization enabled
[   21.642832] input: ImExPS/2 Generic Explorer Mouse as /devices/platform/i8042/serio1/input/input4
[   21.826968] e1000 0000:00:03.0 eth0: (PCI:33MHz:32-bit) 02:ea:7f:4f:2c:ab
[   21.920403] e1000 0000:00:03.0 eth0: Intel(R) PRO/1000 Network Connection
[   22.386307] e1000 0000:00:08.0 eth1: (PCI:33MHz:32-bit) 08:00:27:0b:2b:33
[   22.428152] e1000 0000:00:08.0 eth1: Intel(R) PRO/1000 Network Connection
[   22.459276] e1000 0000:00:03.0 enp0s3: renamed from eth0
[   22.472065] mptbase: ioc0: Initiating bringup
[   22.532848] e1000 0000:00:08.0 enp0s8: renamed from eth1
[   22.599334] ioc0: LSI53C1030 A0: Capabilities={Initiator}
[   22.851710] scsi host2: ioc0: LSI53C1030 A0, FwRev=00000000h, Ports=1, MaxQ=256, IRQ=20
[   23.036892] scsi 2:0:0:0: Direct-Access     VBOX     HARDDISK         1.0  PQ: 0 ANSI: 5
[   23.372123] scsi target2:0:0: Beginning Domain Validation
[   23.491567] scsi target2:0:0: Domain Validation skipping write tests
[   23.584634] scsi target2:0:0: Ending Domain Validation
[   23.642054] scsi target2:0:0: asynchronous
[   23.643427] scsi 2:0:1:0: Direct-Access     VBOX     HARDDISK         1.0  PQ: 0 ANSI: 5
[   23.750291] scsi target2:0:1: Beginning Domain Validation
[   24.400740] random: fast init done
[   24.466275] scsi target2:0:1: Domain Validation skipping write tests
[   24.522334] scsi target2:0:1: Ending Domain Validation
[   24.620680] scsi target2:0:1: asynchronous
[   25.266693] random: systemd-udevd: uninitialized urandom read (16 bytes read)
[   25.428704] sd 2:0:0:0: Attached scsi generic sg0 type 0
[   25.428780] random: systemd-udevd: uninitialized urandom read (16 bytes read)
[   25.428785] random: systemd-udevd: uninitialized urandom read (16 bytes read)
[   25.428955] sd 2:0:0:0: [sda] 20971520 512-byte logical blocks: (10.7 GB/10.0 GiB)
[   25.429013] sd 2:0:0:0: [sda] Write Protect is off
[   25.429125] sd 2:0:0:0: [sda] Incomplete mode parameter data
[   25.429126] sd 2:0:0:0: [sda] Assuming drive cache: write through
[   25.431599]  sda: sda1
[   25.432129] sd 2:0:0:0: [sda] Attached SCSI disk
[   26.140381] sd 2:0:1:0: Attached scsi generic sg1 type 0
[   26.220582] sd 2:0:1:0: [sdb] 20480 512-byte logical blocks: (10.5 MB/10.0 MiB)
[   26.238383] sd 2:0:1:0: [sdb] Write Protect is off
[   26.239740] sd 2:0:1:0: [sdb] Incomplete mode parameter data
[   26.356848] sd 2:0:1:0: [sdb] Assuming drive cache: write through
[   26.380210] sd 2:0:1:0: [sdb] Attached SCSI disk
Begin: Loading essential drivers ... [   27.808135] raid6: sse2x1   gen() 12019 MB/s
[   27.908081] raid6: sse2x1   xor()  4919 MB/s
[   27.980465] raid6: sse2x2   gen() 13963 MB/s
[   28.144520] raid6: sse2x2   xor() 10182 MB/s
[   28.324202] raid6: sse2x4   gen() 17630 MB/s
[   28.484182] raid6: sse2x4   xor() 11156 MB/s
[   28.664683] raid6: avx2x1   gen() 23780 MB/s
[   28.792787] raid6: avx2x1   xor() 17472 MB/s
[   28.932375] raid6: avx2x2   gen() 30094 MB/s
[   29.028088] raid6: avx2x2   xor()  8391 MB/s
[   29.220045] raid6: avx2x4   gen() 30843 MB/s
[   29.356289] raid6: avx2x4   xor() 21342 MB/s
[   29.476864] raid6: using algorithm avx2x4 gen() 30843 MB/s
[   29.588272] raid6: .... xor() 21342 MB/s, rmw enabled
[   29.709991] raid6: using avx2x2 recovery algorithm
[   29.761661] xor: automatically using best checksumming function   avx       
[   29.894216] async_tx: api initialized (async)
done.
Begin: Running /scripts/i[   29.992249] Btrfs loaded, crc32c=crc32c-intel
nit-premount ... done.
Begin: Mounting root file system ... Begin: Running /scripts/local-top ... done.
Begin: Running /scripts/local-premount ... Scanning for Btrfs filesystems
done.
Warning: fsck no[   30.081877] EXT4-fs (sda1): INFO: recovery required on readonly filesystem
t present, so sk[   30.133563] EXT4-fs (sda1): write access will be enabled during recovery
ipping root file system
[   30.273517] EXT4-fs (sda1): recovery complete
[   30.321079] EXT4-fs (sda1): mounted filesystem with ordered data mode. Opts: (null)
done.
Begin: Running /scripts/local-bottom ... done.
Begin: Running /scripts/init-bottom ... done.
[   30.547745] ip_tables: (C) 2000-2006 Netfilter Core Team
[   30.693538] systemd[1]: systemd 237 running in system mode. (+PAM +AUDIT +SELINUX +IMA +APPARMOR +SMACK +SYSVINIT +UTMP +LIBCRYPTSETUP +GCRYPT +GNUTLS +ACL +XZ +LZ4 +SECCOMP +BLKID +ELFUTILS +KMOD -IDN2 +IDN -PCRE2 default-hierarchy=hybrid)
[   31.130766] systemd[1]: Detected virtualization oracle.
[   31.164291] systemd[1]: Detected architecture x86-64.

Welcome to [1mUbuntu 18.04.2 LTS[0m!

[   31.217267] systemd[1]: Set hostname to <ubuntu-bionic>.
[   31.528167] systemd[1]: Created slice System Slice.
[[0;32m  OK  [0m] Created slice System Slice.
[   31.616876] systemd[1]: Created slice system-serial\x2dgetty.slice.
[[0;32m  OK  [0m] Created slice system-serial\x2dgetty.slice.
[   31.712745] systemd[1]: Listening on Journal Audit Socket.
[[0;32m  OK  [0m] Listening on Journal Audit Socket.
[   31.832556] systemd[1]: Listening on /dev/initctl Compatibility Named Pipe.
[[0;32m  OK  [0m] Listening on /dev/initctl Compatibility Named Pipe.
[   31.864691] systemd[1]: Reached target System Time Synchronized.
[[0;32m  OK  [0m] Reached target System Time Synchronized.
[   31.867761] systemd[1]: Reached target Swap.
[[0;32m  OK  [0m] Reached target Swap.
[[0;32m  OK  [0m] Listening on Network Service Netlink Socket.
[[0;32m  OK  [0m] Listening on Journal Socket (/dev/log).
[[0;32m  OK  [0m] Started Forward Password Requests to Wall Directory Watch.
[[0;32m  OK  [0m] Listening on udev Kernel Socket.
[[0;32m  OK  [0m] Listening on Syslog Socket.
[[0;32m  OK  [0m] Reached target User and Group Name Lookups.
[[0;32m  OK  [0m] Listening on udev Control Socket.
[[0;32m  OK  [0m] Listening on LVM2 poll daemon socket.
[[0;32m  OK  [0m] Listening on LVM2 metadata daemon socket.
[[0;32m  OK  [0m] Listening on Device-mapper event daemon FIFOs.
[[0;32m  OK  [0m] Set up automount Arbitrary Executabâ€¦rmats File System Automount Point.
[[0;32m  OK  [0m] Created slice User and Session Slice.
[[0;32m  OK  [0m] Reached target Slices.
[[0;32m  OK  [0m] Listening on Journal Socket.
         Starting Journal Service...
         Mounting POSIX Message Queue File System...
         Mounting Kernel Debug File System...
         Starting udev Coldplug all Devices...
         Mounting Huge Pages File System...
         Starting Uncomplicated firewall...
         Starting Create list of required stâ€¦ce nodes for the current kernel...
[   33.114123] random: crng init done
[   33.219843] random: 7 urandom warning(s) missed due to ratelimiting
         Starting Monitoring of LVM2 mirrorsâ€¦ng dmeventd or progress polling...
         Starting Remount Root and Kernel[   33.289075] EXT4-fs (sda1): re-mounted. Opts: (null)
 File Systems...
         Starting Set the console keyboard layout...
         Starting Load Kernel Modules...
[   33.405305] Loading iSCSI transport class v2.0-870.
[[0;32m  OK  [0m] Started Journal Service.
[   33.443690] iscsi: registered transport (tcp)
[[0;32m  OK  [0m] Mounted POSIX[   33.473791] iscsi: registered transport (iser)
 Message Queue File System.
[[0;32m  OK  [0m] Mounted Kernel Debug File System.
[[0;32m  OK  [0m] Mounted Huge Pages File System.
[[0;32m  OK  [0m] Started Uncomplicated firewall.
[[0;32m  OK  [0m] Started Create list of required staâ€¦vice nodes for the current kernel.
[[0;32m  OK  [0m] Started Remount Root and Kernel File Systems.
[[0;32m  OK  [0m] Started Set the console keyboard layout.
[[0;32m  OK  [0m] Started Load Kernel Modules.
[[0;32m  OK  [0m] Started udev Coldplug all Devices.
[[0;32m  OK  [0m] Started LVM2 metadata daemon.
         Starting Apply Kernel Variables...
         Mounting Kernel Configuration File System...
         Mounting FUSE Control File System...
         Starting Load/Save Random Seed...
         Starting Initial cloud-init job (pre-networking)...
         Starting Create Static Device Nodes in /dev...
         Starting Flush Journal to Persistent Storage...
[[0;32m  OK  [0m] Started Monitoring of LVM2 mirrors,â€¦sing dmeventd or progress polling.
[[0;32m  OK  [0m] Started Apply Kernel Variables.
[[0;32m  OK  [0m] Mounted Kernel Configuration File System.
[[0;32m  OK  [0m] Mounted FUSE Control File System.
[[0;32m  OK  [0m] Started Load/Save Random Seed.
[[0;32m  OK  [0m] Started Create Static Device Nodes in /dev.
         Starting udev Kernel Device Manager...
[[0;32m  OK  [0m] Reached target Local File Systems (Pre).
[[0;32m  OK  [0m] Reached target Local File Systems.
         Starting ebtables ruleset management...
         Starting Tell Plymouth To Write Out Runtime Data...
         Starting Set console font and keymap...
         Starting AppArmor initialization...
[[0;32m  OK  [0m] Started udev Kernel Device Manager.
[[0;32m  OK  [0m] Started Tell Plymouth To Write Out Runtime Data.
[[0;32m  OK  [0m] Started Dispatch Password Requests to Console Directory Watch.
[[0;32m  OK  [0m] Reached target Local Encrypted Volumes.
[[0;32m  OK  [0m] Started Set console font and keymap.
[[0;32m  OK  [0m] Found device /dev/ttyS0.
[[0;32m  OK  [0m] Listening on Load/Save RF Kill Switch Status /dev/rfkill Watch.
[[0;32m  OK  [0m] Started ebtables ruleset management.
[[0;32m  OK  [0m] Started Flush Journal to Persistent Storage.
         Starting Create Volatile Files and Directories...
[[0;32m  OK  [0m] Started Create Volatile Files and Directories.
         Starting Update UTMP about System Boot/Shutdown...
[[0;32m  OK  [0m] Started Update UTMP about System Boot/Shutdown.
[[0;32m  OK  [0m] Started AppArmor initialization.
[   36.401075] cloud-init[424]: Cloud-init v. 18.5-45-g3554ffe8-0ubuntu1~18.04.1 running 'init-local' at Mon, 24 Jun 2019 07:27:47 +0000. Up 36.19 seconds.
[[0;32m  OK  [0m] Started Initial cloud-init job (pre-networking).
[[0;32m  OK  [0m] Reached target Network (Pre).
         Starting Network Service...
[[0;32m  OK  [0m] Started Network Service.
         Starting Wait for Network to be Configured...
         Starting Network Name Resolution...
[[0;32m  OK  [0m] Started Network Name Resolution.
[[0;32m  OK  [0m] Reached target Host and Network Name Lookups.
[[0;32m  OK  [0m] Reached target Network.
[[0;32m  OK  [0m] Started Wait for Network to be Configured.
         Starting Initial cloud-init job (metadata service crawler)...
[   38.424260] cloud-init[683]: Cloud-init v. 18.5-45-g3554ffe8-0ubuntu1~18.04.1 running 'init' at Mon, 24 Jun 2019 07:27:49 +0000. Up 38.29 seconds.
[   38.520397] cloud-init[683]: ci-info: ++++++++++++++++++++++++++++++++++++++Net device info+++++++++++++++++++++++++++++++++++++++
[   38.544321] cloud-init[683]: ci-info: +--------+------+-----------------------------+---------------+--------+-------------------+
[[0;32m  OK  [0m] Started Initial cloud-init job (metadata service crawler).
[   38.656736] [cloud-init[0;32m  OK  [0m[683]: ] ci-info: | Device |  Up  |           Address           |      Mask     | Scope  |     Hw-Address    |Reached target Cloud-config availability.

[[0;32m  OK  [0m] Reached target System Initialization.
[   38.817304] cloud-init[683]: ci-info: +--------+------+-----------------------------+---------------+--------+-------------------+
[[0;32m  OK  [0m] Started Daily apt download activities.
[   38.986160] cloud-init[683]: ci-info: | enp0s3 | True |          10.0.2.15          | 255.255.255.0 | global | 02:ea:7f:4f:2c:ab |
[[0;32m  OK  [0m] Started Daily apt upgrade and clean activities.
[   39.080998] [cloud-init[0;32m  OK  [0m[683]: ci-info: | enp0s3 | True |  fe80::ea:7fff:fe4f:2cab/64 |       .       |  link  | 02:ea:7f:4f:2c:ab |
] Listening on Open-iSCSI iscsid Socket.
[[0;32m  OK  [0m] Listening on D-Bus System Message Bus Socket.
[   39.232320] cloud-init[683]: ci-info: | enp0s8 | True |        192.168.33.10        | 255.255.255.0 | global | 08:00:27:0b:2b:33 |
[   39.428830] cloud-init[683]: ci-info: | enp0s8 | True | fe80::a00:27ff:fe0b:2b33/64 |       .       |  link  | 08:00:27:0b:2b:33 |
[   39.576637] cloud-init[683]: ci-info: |   lo   | True |          127.0.0.1          |   255.0.0.0   |  host  |         .         |
         Starting Socket activation for snappy daemon.
         Starting LXD - unix socket.
[[0;32m  OK  [0m] Started Daily Cleanup of Temporary Directories.
[[0;32m  OK  [0m] Started Message of the Day.
[[0;32m  OK  [0m] Started Discard unused blocks once a week.
[   39.672330] cloud-init[683]: ci-info: |   lo   | True |           ::1/128           |       .       |  host  |         .         |
[[0;32m  OK  [0m] Started ACPI Events Check.
[[0;32m  OK  [0m] Reached target Paths.
[[   39.993749] cloud-init[683]: ci-info: +--------+------+-----------------------------+---------------+--------+-------------------+
[   40.072321] cloud-init[683]: ci-info: +++++++++++++++++++++++++++++Route IPv4 info+++++++++++++++++++++++++++++
[   40.072585] cloud-init[683]: ci-info: +-------+--------------+----------+-----------------+-----------+-------+
[   40.072735] cloud-init[683]: ci-info: | Route | Destination  | Gateway  |     Genmask     | Interface | Flags |
[   40.072815] cloud-init[683]: ci-info: +-------+--------------+----------+-----------------+-----------+-------+
[   40.072877] cloud-init[683]: ci-info: |   0   |   0.0.0.0    | 10.0.2.2 |     0.0.0.0     |   enp0s3  |   UG  |
[   40.073009] cloud-init[683]: ci-info: |   1   |   10.0.2.0   | 0.0.0.0  |  255.255.255.0  |   enp0s3  |   U   |
[   40.073081] cloud-init[683]: ci-info: |   2   |   10.0.2.2   | 0.0.0.0  | 255.255.255.255 |   enp0s3  |   UH  |
[   40.073140] cloud-init[683]: ci-info: |   3   | 192.168.33.0 | 0.0.0.0  |  255.255.255.0  |   enp0s8  |   U   |
[   40.073190] cloud-init[683]: ci-info: +-------+--------------+----------+-----------------+-----------+-------+
[   40.073460] cloud-init[683]: ci-info: +++++++++++++++++++Route IPv6 info+++++++++++++++++++
[   40.073553] cloud-init[683]: ci-info: +-------+-------------+---------+-----------+-------+
[   40.073612] cloud-init[683]: ci-info: | Route | Destination | Gateway | Interface | Flags |
[   40.073665] cloud-init[683]: ci-info: +-------+-------------+---------+-----------+-------+
[   40.073795] cloud-init[683]: ci-info: |   1   |  fe80::/64  |    ::   |   enp0s8  |   U   |
[   40.073889] cloud-init[683]: ci-info: |   2   |  fe80::/64  |    ::   |   enp0s3  |   U   |
[   40.074039] cloud-init[683]: ci-info: |   4   |    local    |    ::   |   enp0s3  |   U   |
[   40.074124] cloud-init[683]: ci-info: |   5   |    local    |    ::   |   enp0s8  |   U   |
[   40.074193] cloud-init[683]: ci-info: |   6   |   ff00::/8  |    ::   |   enp0s8  |   U   |
[   40.074297] cloud-init[683]: ci-info: |   7   |   ff00::/8  |    ::   |   enp0s3  |   U   |
[   40.074428] cloud-init[683]: ci-info: +-------+-------------+---------+-----------+-------+
[0;32m  OK  [0m] Reached target Timers.
[[0;32m  OK  [0m] Listening on ACPID Listen Socket.
[[0;32m  OK  [0m] Listening on UUID daemon activation socket.
[[0;32m  OK  [0m] Reached target Network is Online.
[[0;32m  OK  [0m] Reached target Remote File Systems (Pre).
[[0;32m  OK  [0m] Reached target Remote File Systems.
         Starting Availability of block devices...
[[0;32m  OK  [0m] Listening on Socket activation for snappy daemon.
[[0;32m  OK  [0m] Listening on LXD - unix socket.
[[0;32m  OK  [0m] Started Availability of block devices.
[[0;32m  OK  [0m] Reached target Sockets.
[[0;32m  OK  [0m] Reached target Basic System.
[[0;32m  OK  [0m] Started D-Bus System Message Bus.
         Starting LXD - container startup/shutdown...
[[0;32m  OK  [0m] Started FUSE filesystem for LXC.
         Starting System Logging Service...
         Starting Login Service...
         Starting LSB: automatic crash report generation...
         Starting LSB: Record successful boot for GRUB...
[[0;32m  OK  [0m] Started irqbalance daemon.
[[0;32m  OK  [0m] Started Deferred execution scheduler.
         Starting Dispatcher daemon for systemd-networkd...
         Starting vboxadd.service...
         Starting Discard unused blocks...
[[0;32m  OK  [0m] Started Regular background program processing daemon.
         Starting Permit User Sessions...
         Starting OpenBSD Secure Shell server...
         Starting Accounts Service...
         Starting Snappy daemon...
[[0;32m  OK  [0m] Started System Logging Service.
[[0;32m  OK  [0m] Started Discard unused blocks.
[[0;32m  OK  [0m] Started Permit User Sessions.
[[0;32m  OK  [0m] Started Login Service.
         Starting Authorization Manager...
[[0;32m  OK  [0m] Started Unattended Upgrades Shutdown.
         Starting Hold until boot process finishes up...
         Starting Terminate Plymouth Boot Screen...
[[0;32m  OK  [0m] Started OpenBSD Secure Shell server.
[[0;32m  OK  [0m] Started Dispatcher daemon for systemd-networkd.
[[0;32m  OK  [0m] Started LXD - container startup/shutdown.
[[0;32m  OK  [0m] Started LSB: automatic crash report generation.
[[0;32m  OK  [0m] Started LSB: Record successful boot for GRUB.
[[0;32m  OK  [0m] Started Hold until boot process finishes up.
[[0;32m  OK  [0m] Started vboxadd.service.
[[0;32m  OK  [0m] Started Terminate Plymouth Boot Screen.
[[0;32m  OK  [0m] Started Authorization Manager.
[[0;32m  OK  [0m] Started Accounts Service.
         Starting vboxadd-service.service...
[[0;32m  OK  [0m] Started Serial Getty on ttyS0.
         Starting Set console scheme...
[[0;32m  OK  [0m] Created slice User Slice of vagrant.
[[0;32m  OK  [0m] Started Set console scheme.
[[0;32m  OK  [0m] Started Session 1 of user vagrant.
[[0;32m  OK  [0m] Created slice system-getty.slice.
[[0;32m  OK  [0m] Started Getty on tty1.
[[0;32m  OK  [0m] Reached target Login Prompts.
         Starting User Manager for UID 1000...
[[0;32m  OK  [0m] Started Snappy daemon.
[[0;32m  OK  [0m] Started vboxadd-service.service.
         Starting Wait until snapd is fully seeded...
[[0;32m  OK  [0m] Started User Manager for UID 1000.
[[0;32m  OK  [0m] Started Wait until snapd is fully seeded.
         Starting Apply the settings specified in cloud-config...
[[0;32m  OK  [0m] Reached target Multi-User System.
[[0;32m  OK  [0m] Reached target Graphical Interface.
         Starting Update UTMP about System Runlevel Changes...
[[0;32m  OK  [0m] Started Update UTMP about System Runlevel Changes.
[   44.618905] cloud-init[1330]: Cloud-init v. 18.5-45-g3554ffe8-0ubuntu1~18.04.1 running 'modules:config' at Mon, 24 Jun 2019 07:27:55 +0000. Up 44.51 seconds.
[[0;32m  OK  [0m] Started Apply the settings specified in cloud-config.
         Starting Execute cloud user/final scripts...
[   45.181402] cloud-init[1411]: Cloud-init v. 18.5-45-g3554ffe8-0ubuntu1~18.04.1 running 'modules:final' at Mon, 24 Jun 2019 07:27:56 +0000. Up 45.05 seconds.
[[0;32m  OK  [0m] Started Execute cloud user/final scripts.
[   45.334152] cloud-init[1411]: Cloud-init v. 18.5-45-g3554ffe8-0ubuntu1~18.04.1 finished at Mon, 24 Jun 2019 07:27:56 +0000. Datasource DataSourceNoCloud [seed=/dev/sdb][dsmode=net].  Up 45.17 seconds
         Starting Daily apt download activities...
[[0;32m  OK  [0m] Reached target Cloud-init target.

Ubuntu 18.04.2 LTS ubuntu-bionic ttyS0

ubuntu-bionic login: 